<?xml version="1.0" encoding="utf-8"?>
<TestRun id="ecfe8a6a-ee59-4c88-b69d-9ad96e3b68c4" name="William@DESKTOP-FV5Q462 2021-11-14 18:15:24" runUser="DESKTOP-FV5Q462\William" xmlns="http://microsoft.com/schemas/VisualStudio/TeamTest/2010">
  <Times creation="2021-11-14T18:15:24.5450943-03:00" queuing="2021-11-14T18:15:24.5450958-03:00" start="2021-11-14T18:15:11.2692209-03:00" finish="2021-11-14T18:17:53.3598611-03:00" />
  <TestSettings name="default" id="7b09b7e6-1345-42e2-8502-c798c6027f4d">
    <Deployment runDeploymentRoot="William_DESKTOP-FV5Q462_2021-11-14_18_15_24" />
  </TestSettings>
  <Results>
    <UnitTestResult executionId="a6e522b3-7988-4438-aa40-717bc00fb867" testId="802b02be-524c-cf5a-8153-696af31aae41" testName="ShouldSeeLoggedUser" computerName="DESKTOP-FV5Q462" duration="00:00:17.0932510" startTime="2021-11-14T18:16:16.0000000-03:00" endTime="2021-11-14T18:16:33.0000000-03:00" testType="13cdc9d9-ddb5-4fa4-a97d-d965ccfc6d4b" outcome="Passed" testListId="8c84fa94-04c1-424b-9868-57a2d4851a1d" relativeResultsDirectory="a6e522b3-7988-4438-aa40-717bc00fb867">
      <ResultFiles>
        <ResultFile path="DESKTOP-FV5Q462\0-1001.png" />
      </ResultFiles>
    </UnitTestResult>
    <UnitTestResult executionId="893cc29a-7ffa-499d-9262-20f207ef1345" testId="4743fb32-be9e-1e8c-ac88-f240788123e1" testName="ShouldSeeAlertMessage(&quot;madoka32@ninjaplus.com&quot;,&quot;1&quot;,&quot;Usuário e/ou senha inválidos&quot;)" computerName="DESKTOP-FV5Q462" duration="00:00:12.3762050" startTime="2021-11-14T18:15:12.0000000-03:00" endTime="2021-11-14T18:15:24.0000000-03:00" testType="13cdc9d9-ddb5-4fa4-a97d-d965ccfc6d4b" outcome="Passed" testListId="8c84fa94-04c1-424b-9868-57a2d4851a1d" relativeResultsDirectory="893cc29a-7ffa-499d-9262-20f207ef1345">
      <ResultFiles>
        <ResultFile path="DESKTOP-FV5Q462\0-1002.png" />
      </ResultFiles>
    </UnitTestResult>
    <UnitTestResult executionId="e0583312-9ea2-46d9-8e3f-6426df19f8e7" testId="dcac8ce0-e570-a458-8b05-119a53c6beeb" testName="ShouldSeeAlertMessage(&quot;madoka32@ninjaplus.com&quot;,&quot;&quot;,&quot;Opps. Cadê a senha?&quot;)" computerName="DESKTOP-FV5Q462" duration="00:00:17.5490630" startTime="2021-11-14T18:15:59.0000000-03:00" endTime="2021-11-14T18:16:16.0000000-03:00" testType="13cdc9d9-ddb5-4fa4-a97d-d965ccfc6d4b" outcome="Passed" testListId="8c84fa94-04c1-424b-9868-57a2d4851a1d" relativeResultsDirectory="e0583312-9ea2-46d9-8e3f-6426df19f8e7">
      <ResultFiles>
        <ResultFile path="DESKTOP-FV5Q462\0-1005.png" />
      </ResultFiles>
    </UnitTestResult>
    <UnitTestResult executionId="b3eaca68-c9c0-48de-a54f-baefd7e0e9ff" testId="a4f01db6-d46a-130a-1311-18c2f5efc137" testName="ShouldFindUniqueMovie(&quot;Coringa&quot;,1)" computerName="DESKTOP-FV5Q462" duration="00:00:06.5200460" startTime="2021-11-14T18:17:23.0000000-03:00" endTime="2021-11-14T18:17:30.0000000-03:00" testType="13cdc9d9-ddb5-4fa4-a97d-d965ccfc6d4b" outcome="Passed" testListId="8c84fa94-04c1-424b-9868-57a2d4851a1d" relativeResultsDirectory="b3eaca68-c9c0-48de-a54f-baefd7e0e9ff">
      <ResultFiles>
        <ResultFile path="DESKTOP-FV5Q462\0-1014.png" />
      </ResultFiles>
    </UnitTestResult>
    <UnitTestResult executionId="a58fb3bd-fae8-4f46-b128-9f5ca48ca143" testId="b9c14c97-92f4-a8d8-2db8-ecda4f9de901" testName="ShouldFindUniqueMovie(&quot;Batman&quot;,2)" computerName="DESKTOP-FV5Q462" duration="00:00:06.6775830" startTime="2021-11-14T18:17:30.0000000-03:00" endTime="2021-11-14T18:17:36.0000000-03:00" testType="13cdc9d9-ddb5-4fa4-a97d-d965ccfc6d4b" outcome="Passed" testListId="8c84fa94-04c1-424b-9868-57a2d4851a1d" relativeResultsDirectory="a58fb3bd-fae8-4f46-b128-9f5ca48ca143">
      <ResultFiles>
        <ResultFile path="DESKTOP-FV5Q462\0-1015.png" />
      </ResultFiles>
    </UnitTestResult>
    <UnitTestResult executionId="b9f4b58f-2328-446b-ad5a-0eca1fb0d6e5" testId="0a80c0a6-bdd9-febc-44ac-464f19137652" testName="ShoudBeHaveTitle" computerName="DESKTOP-FV5Q462" duration="00:00:16.5747450" startTime="2021-11-14T18:16:33.0000000-03:00" endTime="2021-11-14T18:16:50.0000000-03:00" testType="13cdc9d9-ddb5-4fa4-a97d-d965ccfc6d4b" outcome="Failed" testListId="8c84fa94-04c1-424b-9868-57a2d4851a1d" relativeResultsDirectory="b9f4b58f-2328-446b-ad5a-0eca1fb0d6e5">
      <Output>
        <StdOut>Erro during screenshot,</StdOut>
        <ErrorInfo>
          <Message>TearDown : System.Exception : Object reference not set to an instance of an object.</Message>
          <StackTrace>--TearDown&#xD;
   at NinjaPlus.Commom.BaseTest.Finish() in C:\QANINJA\ninjaplus-net\commom\BaseTest.cs:line 90</StackTrace>
        </ErrorInfo>
      </Output>
    </UnitTestResult>
    <UnitTestResult executionId="7a1a1e63-4f2d-4763-9e2f-56d85fd51852" testId="c53aabcd-0646-32ca-d803-b81df239c49e" testName="ShouldSaveMovie(&quot;Mahou Shoujo Madoka★Magica Movie 4: Walpurgis no Kaiten&quot;,&quot;Em breve&quot;,&quot;2022&quot;,&quot;02/02/2022&quot;,&quot;Akemi, Homura&quot;,&quot;Kaname, Madoka&quot;,&quot;Sakura, Kyouko&quot;,&quot;Mahou Shoujo Madoka★Magica Movie 3: Hangyaku no Monogatari follows Homura in her struggle to uncover the painful truth behind the mysterious circumstances.&quot;,&quot;cover madoka.jpg&quot;)" computerName="DESKTOP-FV5Q462" duration="00:00:09.8767310" startTime="2021-11-14T18:17:13.0000000-03:00" endTime="2021-11-14T18:17:23.0000000-03:00" testType="13cdc9d9-ddb5-4fa4-a97d-d965ccfc6d4b" outcome="Passed" testListId="8c84fa94-04c1-424b-9868-57a2d4851a1d" relativeResultsDirectory="7a1a1e63-4f2d-4763-9e2f-56d85fd51852">
      <ResultFiles>
        <ResultFile path="DESKTOP-FV5Q462\0-1011.png" />
      </ResultFiles>
    </UnitTestResult>
    <UnitTestResult executionId="bae0aee3-61e1-4aa5-bac7-454f1be1fdff" testId="2b3654bd-1389-8a16-ce93-759b65e75e8f" testName="ShouldSeeAlertMessage(&quot;1&quot;,&quot;1&quot;,&quot;Usuário e/ou senha inválidos&quot;)" computerName="DESKTOP-FV5Q462" duration="00:00:17.3451160" startTime="2021-11-14T18:15:24.0000000-03:00" endTime="2021-11-14T18:15:41.0000000-03:00" testType="13cdc9d9-ddb5-4fa4-a97d-d965ccfc6d4b" outcome="Passed" testListId="8c84fa94-04c1-424b-9868-57a2d4851a1d" relativeResultsDirectory="bae0aee3-61e1-4aa5-bac7-454f1be1fdff">
      <ResultFiles>
        <ResultFile path="DESKTOP-FV5Q462\0-1003.png" />
      </ResultFiles>
    </UnitTestResult>
    <UnitTestResult executionId="e8494194-8e62-474a-ac48-577cd673dc73" testId="e67a5907-d902-6b06-aed6-b06c2815a774" testName="ShouldFindUniqueMovie(&quot;Geass&quot;,0)" computerName="DESKTOP-FV5Q462" duration="00:00:16.3493560" startTime="2021-11-14T18:17:36.0000000-03:00" endTime="2021-11-14T18:17:53.0000000-03:00" testType="13cdc9d9-ddb5-4fa4-a97d-d965ccfc6d4b" outcome="Passed" testListId="8c84fa94-04c1-424b-9868-57a2d4851a1d" relativeResultsDirectory="e8494194-8e62-474a-ac48-577cd673dc73">
      <ResultFiles>
        <ResultFile path="DESKTOP-FV5Q462\0-1016.png" />
      </ResultFiles>
    </UnitTestResult>
    <UnitTestResult executionId="e876ae34-9225-405e-bd8c-2a65f5944c0e" testId="580853c0-3c8d-2dc9-ba80-96cfb3de1ad4" testName="ShouldSaveMovie(&quot;Seishun Buta Yarou wa Bunny Girl Senpai no Yume wo Minai&quot;,&quot;Disponível&quot;,&quot;2018&quot;,&quot;04/10/2018&quot;,&quot;Sakurajima Mei&quot;,&quot;Azusaga Sakuta&quot;,&quot;Azusaga Kaede&quot;,&quot;Um anime muito melhor que monogatari.&quot;,&quot;cover bg.jpg&quot;)" computerName="DESKTOP-FV5Q462" duration="00:00:23.4135760" startTime="2021-11-14T18:16:50.0000000-03:00" endTime="2021-11-14T18:17:13.0000000-03:00" testType="13cdc9d9-ddb5-4fa4-a97d-d965ccfc6d4b" outcome="Passed" testListId="8c84fa94-04c1-424b-9868-57a2d4851a1d" relativeResultsDirectory="e876ae34-9225-405e-bd8c-2a65f5944c0e">
      <ResultFiles>
        <ResultFile path="DESKTOP-FV5Q462\0-1010.png" />
      </ResultFiles>
    </UnitTestResult>
    <UnitTestResult executionId="38e1f254-f770-41dc-94b4-ceaf605f97d8" testId="99bfde22-17d3-44e2-7a41-3303f3925d83" testName="ShouldSeeAlertMessage(&quot;&quot;,&quot;madoka123&quot;,&quot;Opps. Cadê o email?&quot;)" computerName="DESKTOP-FV5Q462" duration="00:00:17.3880580" startTime="2021-11-14T18:15:41.0000000-03:00" endTime="2021-11-14T18:15:59.0000000-03:00" testType="13cdc9d9-ddb5-4fa4-a97d-d965ccfc6d4b" outcome="Passed" testListId="8c84fa94-04c1-424b-9868-57a2d4851a1d" relativeResultsDirectory="38e1f254-f770-41dc-94b4-ceaf605f97d8">
      <ResultFiles>
        <ResultFile path="DESKTOP-FV5Q462\0-1004.png" />
      </ResultFiles>
    </UnitTestResult>
  </Results>
  <TestDefinitions>
    <UnitTest name="ShouldSaveMovie(&quot;Mahou Shoujo Madoka★Magica Movie 4: Walpurgis no Kaiten&quot;,&quot;Em breve&quot;,&quot;2022&quot;,&quot;02/02/2022&quot;,&quot;Akemi, Homura&quot;,&quot;Kaname, Madoka&quot;,&quot;Sakura, Kyouko&quot;,&quot;Mahou Shoujo Madoka★Magica Movie 3: Hangyaku no Monogatari follows Homura in her struggle to uncover the painful truth behind the mysterious circumstances.&quot;,&quot;cover madoka.jpg&quot;)" storage="c:\qaninja\ninjaplus-net\bin\debug\netcoreapp3.1\ninjaplus-net.dll" id="c53aabcd-0646-32ca-d803-b81df239c49e">
      <Execution id="7a1a1e63-4f2d-4763-9e2f-56d85fd51852" />
      <TestMethod codeBase="C:\QANINJA\ninjaplus-net\bin\Debug\netcoreapp3.1\ninjaplus-net.dll" adapterTypeName="executor://nunit3testexecutor/" className="NinjaPlus.Tests.SaveMovieTest" name="ShouldSaveMovie(&quot;Mahou Shoujo Madoka★Magica Movie 4: Walpurgis no Kaiten&quot;,&quot;Em breve&quot;,&quot;2022&quot;,&quot;02/02/2022&quot;,&quot;Akemi, Homura&quot;,&quot;Kaname, Madoka&quot;,&quot;Sakura, Kyouko&quot;,&quot;Mahou Shoujo Madoka★Magica Movie 3: Hangyaku no Monogatari follows Homura in her struggle to uncover the painful truth behind the mysterious circumstances.&quot;,&quot;cover madoka.jpg&quot;)" />
    </UnitTest>
    <UnitTest name="ShoudBeHaveTitle" storage="c:\qaninja\ninjaplus-net\bin\debug\netcoreapp3.1\ninjaplus-net.dll" id="0a80c0a6-bdd9-febc-44ac-464f19137652">
      <Execution id="b9f4b58f-2328-446b-ad5a-0eca1fb0d6e5" />
      <TestMethod codeBase="C:\QANINJA\ninjaplus-net\bin\Debug\netcoreapp3.1\ninjaplus-net.dll" adapterTypeName="executor://nunit3testexecutor/" className="NinjaPlus.Tests.OnAirTest" name="ShoudBeHaveTitle" />
    </UnitTest>
    <UnitTest name="ShouldFindUniqueMovie(&quot;Geass&quot;,0)" storage="c:\qaninja\ninjaplus-net\bin\debug\netcoreapp3.1\ninjaplus-net.dll" id="e67a5907-d902-6b06-aed6-b06c2815a774">
      <Execution id="e8494194-8e62-474a-ac48-577cd673dc73" />
      <TestMethod codeBase="C:\QANINJA\ninjaplus-net\bin\Debug\netcoreapp3.1\ninjaplus-net.dll" adapterTypeName="executor://nunit3testexecutor/" className="NinjaPlus.Tests.SearchMovieTests" name="ShouldFindUniqueMovie(&quot;Geass&quot;,0)" />
    </UnitTest>
    <UnitTest name="ShouldSeeAlertMessage(&quot;1&quot;,&quot;1&quot;,&quot;Usuário e/ou senha inválidos&quot;)" storage="c:\qaninja\ninjaplus-net\bin\debug\netcoreapp3.1\ninjaplus-net.dll" id="2b3654bd-1389-8a16-ce93-759b65e75e8f">
      <Execution id="bae0aee3-61e1-4aa5-bac7-454f1be1fdff" />
      <TestMethod codeBase="C:\QANINJA\ninjaplus-net\bin\Debug\netcoreapp3.1\ninjaplus-net.dll" adapterTypeName="executor://nunit3testexecutor/" className="NinjaPlus.Tests.LoginTests" name="ShouldSeeAlertMessage(&quot;1&quot;,&quot;1&quot;,&quot;Usuário e/ou senha inválidos&quot;)" />
    </UnitTest>
    <UnitTest name="ShouldSeeAlertMessage(&quot;madoka32@ninjaplus.com&quot;,&quot;1&quot;,&quot;Usuário e/ou senha inválidos&quot;)" storage="c:\qaninja\ninjaplus-net\bin\debug\netcoreapp3.1\ninjaplus-net.dll" id="4743fb32-be9e-1e8c-ac88-f240788123e1">
      <Execution id="893cc29a-7ffa-499d-9262-20f207ef1345" />
      <TestMethod codeBase="C:\QANINJA\ninjaplus-net\bin\Debug\netcoreapp3.1\ninjaplus-net.dll" adapterTypeName="executor://nunit3testexecutor/" className="NinjaPlus.Tests.LoginTests" name="ShouldSeeAlertMessage(&quot;madoka32@ninjaplus.com&quot;,&quot;1&quot;,&quot;Usuário e/ou senha inválidos&quot;)" />
    </UnitTest>
    <UnitTest name="ShouldFindUniqueMovie(&quot;Coringa&quot;,1)" storage="c:\qaninja\ninjaplus-net\bin\debug\netcoreapp3.1\ninjaplus-net.dll" id="a4f01db6-d46a-130a-1311-18c2f5efc137">
      <Execution id="b3eaca68-c9c0-48de-a54f-baefd7e0e9ff" />
      <TestMethod codeBase="C:\QANINJA\ninjaplus-net\bin\Debug\netcoreapp3.1\ninjaplus-net.dll" adapterTypeName="executor://nunit3testexecutor/" className="NinjaPlus.Tests.SearchMovieTests" name="ShouldFindUniqueMovie(&quot;Coringa&quot;,1)" />
    </UnitTest>
    <UnitTest name="ShouldSaveMovie(&quot;Seishun Buta Yarou wa Bunny Girl Senpai no Yume wo Minai&quot;,&quot;Disponível&quot;,&quot;2018&quot;,&quot;04/10/2018&quot;,&quot;Sakurajima Mei&quot;,&quot;Azusaga Sakuta&quot;,&quot;Azusaga Kaede&quot;,&quot;Um anime muito melhor que monogatari.&quot;,&quot;cover bg.jpg&quot;)" storage="c:\qaninja\ninjaplus-net\bin\debug\netcoreapp3.1\ninjaplus-net.dll" id="580853c0-3c8d-2dc9-ba80-96cfb3de1ad4">
      <Execution id="e876ae34-9225-405e-bd8c-2a65f5944c0e" />
      <TestMethod codeBase="C:\QANINJA\ninjaplus-net\bin\Debug\netcoreapp3.1\ninjaplus-net.dll" adapterTypeName="executor://nunit3testexecutor/" className="NinjaPlus.Tests.SaveMovieTest" name="ShouldSaveMovie(&quot;Seishun Buta Yarou wa Bunny Girl Senpai no Yume wo Minai&quot;,&quot;Disponível&quot;,&quot;2018&quot;,&quot;04/10/2018&quot;,&quot;Sakurajima Mei&quot;,&quot;Azusaga Sakuta&quot;,&quot;Azusaga Kaede&quot;,&quot;Um anime muito melhor que monogatari.&quot;,&quot;cover bg.jpg&quot;)" />
    </UnitTest>
    <UnitTest name="ShouldSeeAlertMessage(&quot;madoka32@ninjaplus.com&quot;,&quot;&quot;,&quot;Opps. Cadê a senha?&quot;)" storage="c:\qaninja\ninjaplus-net\bin\debug\netcoreapp3.1\ninjaplus-net.dll" id="dcac8ce0-e570-a458-8b05-119a53c6beeb">
      <Execution id="e0583312-9ea2-46d9-8e3f-6426df19f8e7" />
      <TestMethod codeBase="C:\QANINJA\ninjaplus-net\bin\Debug\netcoreapp3.1\ninjaplus-net.dll" adapterTypeName="executor://nunit3testexecutor/" className="NinjaPlus.Tests.LoginTests" name="ShouldSeeAlertMessage(&quot;madoka32@ninjaplus.com&quot;,&quot;&quot;,&quot;Opps. Cadê a senha?&quot;)" />
    </UnitTest>
    <UnitTest name="ShouldFindUniqueMovie(&quot;Batman&quot;,2)" storage="c:\qaninja\ninjaplus-net\bin\debug\netcoreapp3.1\ninjaplus-net.dll" id="b9c14c97-92f4-a8d8-2db8-ecda4f9de901">
      <Execution id="a58fb3bd-fae8-4f46-b128-9f5ca48ca143" />
      <TestMethod codeBase="C:\QANINJA\ninjaplus-net\bin\Debug\netcoreapp3.1\ninjaplus-net.dll" adapterTypeName="executor://nunit3testexecutor/" className="NinjaPlus.Tests.SearchMovieTests" name="ShouldFindUniqueMovie(&quot;Batman&quot;,2)" />
    </UnitTest>
    <UnitTest name="ShouldSeeAlertMessage(&quot;&quot;,&quot;madoka123&quot;,&quot;Opps. Cadê o email?&quot;)" storage="c:\qaninja\ninjaplus-net\bin\debug\netcoreapp3.1\ninjaplus-net.dll" id="99bfde22-17d3-44e2-7a41-3303f3925d83">
      <Execution id="38e1f254-f770-41dc-94b4-ceaf605f97d8" />
      <TestMethod codeBase="C:\QANINJA\ninjaplus-net\bin\Debug\netcoreapp3.1\ninjaplus-net.dll" adapterTypeName="executor://nunit3testexecutor/" className="NinjaPlus.Tests.LoginTests" name="ShouldSeeAlertMessage(&quot;&quot;,&quot;madoka123&quot;,&quot;Opps. Cadê o email?&quot;)" />
    </UnitTest>
    <UnitTest name="ShouldSeeLoggedUser" storage="c:\qaninja\ninjaplus-net\bin\debug\netcoreapp3.1\ninjaplus-net.dll" id="802b02be-524c-cf5a-8153-696af31aae41">
      <Execution id="a6e522b3-7988-4438-aa40-717bc00fb867" />
      <TestMethod codeBase="C:\QANINJA\ninjaplus-net\bin\Debug\netcoreapp3.1\ninjaplus-net.dll" adapterTypeName="executor://nunit3testexecutor/" className="NinjaPlus.Tests.LoginTests" name="ShouldSeeLoggedUser" />
    </UnitTest>
  </TestDefinitions>
  <TestEntries>
    <TestEntry testId="802b02be-524c-cf5a-8153-696af31aae41" executionId="a6e522b3-7988-4438-aa40-717bc00fb867" testListId="8c84fa94-04c1-424b-9868-57a2d4851a1d" />
    <TestEntry testId="4743fb32-be9e-1e8c-ac88-f240788123e1" executionId="893cc29a-7ffa-499d-9262-20f207ef1345" testListId="8c84fa94-04c1-424b-9868-57a2d4851a1d" />
    <TestEntry testId="dcac8ce0-e570-a458-8b05-119a53c6beeb" executionId="e0583312-9ea2-46d9-8e3f-6426df19f8e7" testListId="8c84fa94-04c1-424b-9868-57a2d4851a1d" />
    <TestEntry testId="a4f01db6-d46a-130a-1311-18c2f5efc137" executionId="b3eaca68-c9c0-48de-a54f-baefd7e0e9ff" testListId="8c84fa94-04c1-424b-9868-57a2d4851a1d" />
    <TestEntry testId="b9c14c97-92f4-a8d8-2db8-ecda4f9de901" executionId="a58fb3bd-fae8-4f46-b128-9f5ca48ca143" testListId="8c84fa94-04c1-424b-9868-57a2d4851a1d" />
    <TestEntry testId="0a80c0a6-bdd9-febc-44ac-464f19137652" executionId="b9f4b58f-2328-446b-ad5a-0eca1fb0d6e5" testListId="8c84fa94-04c1-424b-9868-57a2d4851a1d" />
    <TestEntry testId="c53aabcd-0646-32ca-d803-b81df239c49e" executionId="7a1a1e63-4f2d-4763-9e2f-56d85fd51852" testListId="8c84fa94-04c1-424b-9868-57a2d4851a1d" />
    <TestEntry testId="2b3654bd-1389-8a16-ce93-759b65e75e8f" executionId="bae0aee3-61e1-4aa5-bac7-454f1be1fdff" testListId="8c84fa94-04c1-424b-9868-57a2d4851a1d" />
    <TestEntry testId="e67a5907-d902-6b06-aed6-b06c2815a774" executionId="e8494194-8e62-474a-ac48-577cd673dc73" testListId="8c84fa94-04c1-424b-9868-57a2d4851a1d" />
    <TestEntry testId="580853c0-3c8d-2dc9-ba80-96cfb3de1ad4" executionId="e876ae34-9225-405e-bd8c-2a65f5944c0e" testListId="8c84fa94-04c1-424b-9868-57a2d4851a1d" />
    <TestEntry testId="99bfde22-17d3-44e2-7a41-3303f3925d83" executionId="38e1f254-f770-41dc-94b4-ceaf605f97d8" testListId="8c84fa94-04c1-424b-9868-57a2d4851a1d" />
  </TestEntries>
  <TestLists>
    <TestList name="Resultados que não estão em uma lista" id="8c84fa94-04c1-424b-9868-57a2d4851a1d" />
    <TestList name="Todos os resultados carregados" id="19431567-8539-422a-85d7-44ee4e166bda" />
  </TestLists>
  <ResultSummary outcome="Failed">
    <Counters total="11" executed="11" passed="10" failed="1" error="0" timeout="0" aborted="0" inconclusive="0" passedButRunAborted="0" notRunnable="0" notExecuted="0" disconnected="0" warning="0" completed="0" inProgress="0" pending="0" />
    <Output>
      <StdOut>NUnit Adapter 3.16.1.0: Test execution started&#xD;
Running all tests in C:\QANINJA\ninjaplus-net\bin\Debug\netcoreapp3.1\ninjaplus-net.dll&#xD;
   NUnit3TestExecutor converted 11 of 11 NUnit test cases&#xD;
NUnit Adapter 3.16.1.0: Test execution complete&#xD;
</StdOut>
    </Output>
  </ResultSummary>
</TestRun>